> Task :imhere-user-service:checkKotlinGradlePluginConfigurationErrors SKIPPED
> Task :imhere-user-service:kaptGenerateStubsKotlin UP-TO-DATE
> Task :imhere-user-service:kaptKotlin UP-TO-DATE
> Task :imhere-user-service:processResources UP-TO-DATE
> Task :imhere-user-service:processTestResources UP-TO-DATE

> Task :imhere-user-service:compileKotlin FAILED
./gradlew : e: file:
///C:/Project/ImHere
/ImHereServer/imhere
-user-service/src/ma
in/kotlin/com/kdongs
u5509/imhereuserserv
ice/adapter/out/pers
istence/friends/jpa/
SpringDataFriendRela
tionshipsRepository.
kt:16:45 Unresolved 
reference 'UserJpaEn
tity'.
위치 줄:1 문자:1
+ ./gradlew :imhere-
user-service:test --
tests "com.kdongsu55
09.imhereus ...
+ ~~~~~~~~~~~~~~~~~~
~~~~~~~~~~~~~~~~~~~~
~~~~~~~~~~~~~~~~~~~~
~~~~~~~~~~~
    + CategoryInfo  
            : NotS  
  pecified: (e: f   
 ile:///C:/P...U    
serJpaEntity'.:    S
tring) [], Rem    ot
eException
    + FullyQualifie 
   dErrorId : Nati  
  veCommandError
 
e: file:///C:/Projec
t/ImHere/ImHereServe
r/imhere-user-servic
e/src/main/kotlin/co
m/kdongsu5509/imhere
userservice/adapter/
out/persistence/frie
nds/jpa/SpringDataFr
iendRelationshipsRep
ository.kt:16:68 Unr
esolved reference 'U
serJpaEntity'.
e: file:///C:/Projec
t/ImHere/ImHereServe
r/imhere-user-servic
e/src/main/kotlin/co
m/kdongsu5509/imhere
userservice/applicat
ion/service/friend/F
riendRelationshipUpd
ateService.kt:38:17 
No parameter with na
me 'profileImageUrl'
 found.
e: file:///C:/Projec
t/ImHere/ImHereServe
r/imhere-user-servic
e/src/main/kotlin/co
m/kdongsu5509/imhere
userservice/applicat
ion/service/friend/F
riendRelationshipUpd
ateService.kt:38:17 
No value passed for 
parameter 'id'.
e: file:///C:/Projec
t/ImHere/ImHereServe
r/imhere-user-servic
e/src/main/kotlin/co
m/kdongsu5509/imhere
userservice/applicat
ion/service/friend/F
riendRelationshipUpd
ateService.kt:41:38 
Unresolved reference
 'friendUser'.
e: file:///C:/Projec
t/ImHere/ImHereServe
r/imhere-user-servic
e/src/main/kotlin/co
m/kdongsu5509/imhere
userservice/applicat
ion/service/friend/F
riendRelationshipUpd
ateService.kt:42:41 
Unresolved reference
 'friendUser'.
e: file:///C:/Projec
t/ImHere/ImHereServe
r/imhere-user-servic
e/src/main/kotlin/co
m/kdongsu5509/imhere
userservice/applicat
ion/service/friend/F
riendRelationshipUpd
ateService.kt:43:17 
No parameter with na
me 'profileImageUrl'
 found.
e: file:///C:/Projec
t/ImHere/ImHereServe
r/imhere-user-servic
e/src/main/kotlin/co
m/kdongsu5509/imhere
userservice/applicat
ion/service/friend/F
riendRelationshipUpd
ateService.kt:43:17 
No value passed for 
parameter 'id'.
e: file:///C:/Projec
t/ImHere/ImHereServe
r/imhere-user-servic
e/src/main/kotlin/co
m/kdongsu5509/imhere
userservice/applicat
ion/service/friend/F
riendRelationshipUpd
ateService.kt:43:48 
Unresolved reference
 'friendUser'.

FAILURE: Build faile
d with an exception.

* What went wrong:
Execution failed for
 task ':imhere-user-
service:compileKotli
n'.
> A failure occurred
 while executing org
.jetbrains.kotlin.co
mpilerRunner.GradleC
ompilerRunnerWithWor
kers$GradleKotlinCom
pilerWorkAction
   > Compilation err
or. See log for more
 details

* Try:
> Run with --stacktr
ace option to get th
e stack trace.
> Run with --info or
 --debug option to g
et more log output.
> Run with --scan to
 get full insights.
> Get more help at h
ttps://help.gradle.o
rg.

BUILD FAILED in 3s
5 actionable tasks: 1 executed, 4 up-to-date
